
> frontend@0.1.0 dev
> next dev

  ▲ Next.js 14.2.35
  - Local:        http://localhost:3000
  - Environments: .env

 ✓ Starting...
 ✓ Ready in 1820ms
 ○ Compiling / ...
 ⨯ Failed to find font override values for font `IM Fell English`
 ⨯ Failed to find font override values for font `IM Fell English`
 ✓ Compiled / in 5.4s (1367 modules)
 GET / 200 in 5875ms
 ✓ Compiled in 373ms (672 modules)
 ○ Compiling /[category] ...
 ✓ Compiled /[category] in 1986ms (1340 modules)
 GET /favicon.ico 200 in 3748ms
 GET /favicon.ico 200 in 560ms
 GET /favicon.ico 200 in 426ms
 GET /favicon.ico 200 in 1066ms
 GET /favicon.ico 200 in 248ms
 GET /favicon.ico 200 in 1715ms
 GET /favicon.ico 200 in 134ms
 GET /favicon.ico 200 in 477ms
